[darkwebgaming.info/pubg-mobile-hack-uc/index.html]
[backblue.gif]
[fade.gif]
[index.html]
[darkwebgaming.info/pubg-mobile-hack-uc/css/bootstrap.css]
[darkwebgaming.info/pubg-mobile-hack-uc/css/style.css]
[darkwebgaming.info/pubg-mobile-hack-uc/css/bootstrap-switch.html]
[darkwebgaming.info/pubg-mobile-hack-uc/css/font-awesome.min.css]
[darkwebgaming.info/pubg-mobile-hack-uc/css/chat.css]
[darkwebgaming.info/pubg-mobile-hack-uc/img/logo.png]
[darkwebgaming.info/pubg-mobile-hack-uc/img/xbox.png]
[darkwebgaming.info/pubg-mobile-hack-uc/img/psn.png]
[darkwebgaming.info/pubg-mobile-hack-uc/img/left.png]
[darkwebgaming.info/pubg-mobile-hack-uc/img/right.png]
[darkwebgaming.info/pubg-mobile-hack-uc/img/resource1.png]
[darkwebgaming.info/pubg-mobile-hack-uc/img/box-bg.png]
[darkwebgaming.info/pubg-mobile-hack-uc/click.mp3]
[ajax.googleapis.com/ajax/libs/jquery/1.12.2/jquery.min.js]
[darkwebgaming.info/pubg-mobile-hack-uc/js/bootstrap.min.js]
[darkwebgaming.info/pubg-mobile-hack-uc/js/bootstrap-switch.min.js]
[darkwebgaming.info/pubg-mobile-hack-uc/js/functions.app.js]
[darkwebgaming.info/pubg-mobile-hack-uc/js/main.js]
[darkwebgaming.info/pubg-mobile-hack-uc/index.html]
[darkwebgaming.info/pubg-mobile-hack-uc/js/chat.js]
[darkwebgaming.info/pubg-mobile-hack-uc/fonts/glyphicons-halflings-regular.eot]
[darkwebgaming.info/pubg-mobile-hack-uc/fonts/glyphicons-halflings-regulard41dd41dd41d.eot]
[darkwebgaming.info/pubg-mobile-hack-uc/fonts/glyphicons-halflings-regular.html]
[darkwebgaming.info/pubg-mobile-hack-uc/fonts/glyphicons-halflings-regular.woff]
[darkwebgaming.info/pubg-mobile-hack-uc/fonts/glyphicons-halflings-regular.ttf]
[darkwebgaming.info/pubg-mobile-hack-uc/fonts/glyphicons-halflings-regular.svg]
[darkwebgaming.info/pubg-mobile-hack-uc/css/bootstrap.css]
[darkwebgaming.info/pubg-mobile-hack-uc/img/bg.jpg]
[darkwebgaming.info/pubg-mobile-hack-uc/css/style.css]
[darkwebgaming.info/pubg-mobile-hack-uc/css/bootstrap-switch.html]
[darkwebgaming.info/pubg-mobile-hack-uc/fonts/fontawesome-webfont3e6e3e6e3e6e.eot]
[darkwebgaming.info/pubg-mobile-hack-uc/fonts/fontawesome-webfontd41dd41dd41d.eot]
[darkwebgaming.info/pubg-mobile-hack-uc/fonts/fontawesome-webfont3e6e3e6e3e6e.html]
[darkwebgaming.info/pubg-mobile-hack-uc/fonts/fontawesome-webfont3e6e3e6e3e6e.woff]
[darkwebgaming.info/pubg-mobile-hack-uc/fonts/fontawesome-webfont3e6e3e6e3e6e.ttf]
[darkwebgaming.info/pubg-mobile-hack-uc/fonts/fontawesome-webfont3e6e3e6e3e6e.svg]
[darkwebgaming.info/pubg-mobile-hack-uc/css/font-awesome.min.css]
[darkwebgaming.info/pubg-mobile-hack-uc/css/chat.css]
[darkwebgaming.info/pubg-mobile-hack-uc/click.html]
[darkwebgaming.info/pubg-mobile-hack-uc/fonts/glyphicons-halflings-regular.html]
[darkwebgaming.info/pubg-mobile-hack-uc/fonts/glyphicons-halflings-regular.svg]
[darkwebgaming.info/pubg-mobile-hack-uc/fonts/fontawesome-webfont3e6e3e6e3e6e.html]
[darkwebgaming.info/pubg-mobile-hack-uc/fonts/fontawesome-webfont3e6e3e6e3e6e.svg]
